iteration    states on stack      input               action
1            0|                   @id+id+id*(id+id)   S3
2            0|3                  id@+id+id*(id+id)   r4
3            0|                   E@+id+id*(id+id)    s1       --???? g1
4            0|1                  E+@id+id*(id+id)    s3 
5            0|1|3                E+id@+id*(id+id)    r4
6            0|1                  E+E@+id*(id+id)     s4
7            0|1|4                E+E+@id*(id+id)     S3
8            0|1|4|3              E+E+id@*(id+id)     r4
9            0|1|4                E+E+E@*(id+id)      s7      ---???? g7
10           0|1|4|7              E+E+E@*(id+id)      S5
11           0|1|4|7|5            E+E+E*@(id+id)      S2
12           0|1|4|7|5|2          E+E+E*(@id+id)      S3
13           0|1|4|7|5|2|3        E+E+E*(id@+id)      r4
14           0|1|4|7|5|2          E+E+E*(E@+id)       S6       ---???? g6
15           0|1|4|7|5|2|6        E+E+E*(E@+id)       S4
15           0|1|4|7|5|2|6|4      E+E+E*(E+@id)       s3 
16           0|1|4|7|5|2|6|4|3    E+E+E*(E+id@)       r4
17           0|1|4|7|5|2|6|4      E+E+E*(E+E@)        S3
18           0|1|4|7|5|2|6|4|3    E+E+E*(E+E)@        r4
4            0|1|4                E+@id+id*(id+id)    s3
5            0|1|4|3              E+id@+id*(id+id)    r4
6            0|1|4                E+E@+id*(id+id)     s7       --???? g7
7            0|1|4|7              E+E+@id*(id+id)     r1
8            0|1|4                E@+id*(id+id)       s7
